// Jest Snapshot v1, https://goo.gl/fbAQLP

exports[`creates no diff 1`] = `"No change in bundle size detected 🎉"`;

exports[`creates proper diff 1`] = `
"| Page                   | Size old | Size new | Size diff | First load old | First load new | First load diff |
| ---------------------- | -------- | -------- | --------- | -------------- | -------------- | --------------- |
| /account/contact       | 7,9kB    | 7,9kB    |           | 254kB          | 253,0kB        | -1kB            |
| /test/icons            | 6,8kB    |          |           | 209kB          |                | 🗑              |
| /test/slider           | 1,8kB    | 1,8kB    |           | 235kB          | 249,0kB        | +14kB🚨         |
| /account/addresses/add |          | 5,3kB    | 🆕        |                | 255,0kB        | 🆕              |
"
`;
